Searching for booking 9474f557-4a0c-43f7-b3bf-c0e8684d3ab3...
Found booking. Current status: 'driver_accepted'
Testing acceptance for booking 9474f557-4a0c-43f7-b3bf-c0e8684d3ab3 with driver 9d809694-10bd-4769-a5f8-878866fd9e8a
[MODEL] AcceptBooking: BookingID='9474f557-4a0c-43f7-b3bf-c0e8684d3ab3', DriverID='9d809694-10bd-4769-a5f8-878866fd9e8a', Type='string'
node : Failed: The conditional 
request failed
At line:1 char:1
+ node testAccept.js > 
test_output.txt 2>&1
+ ~~~~~~~~~~~~~~~~~~~~~~~~~~~~~~~~~~~~
~~~~~
    + CategoryInfo          : NotSpec 
   ified: (Failed: The conditional r  
  equest failed:String) [], RemoteE   
 xception
    + FullyQualifiedErrorId : NativeC 
   ommandError
 
ConditionalCheckFailedException: The 
conditional request failed
    at AwsJson1_0Protocol.handleError 
(D:\jawaharsiruturn\backend\node_modul
es\@aws-sdk\core\dist-cjs\submodules\p
rotocols\index.js:778:27)
    at 
process.processTicksAndRejections (nod
e:internal/process/task_queues:105:5)
    at async AwsJson1_0Protocol.deseri
alizeResponse (D:\jawaharsiruturn\back
end\node_modules\@smithy\core\dist-cjs
\submodules\protocols\index.js:473:13)
    at async D:\jawaharsiruturn\backen
d\node_modules\@smithy\core\dist-cjs\s
ubmodules\schema\index.js:26:24
    at async D:\jawaharsiruturn\backen
d\node_modules\@aws-sdk\lib-dynamodb\d
ist-cjs\index.js:107:34
    at async D:\jawaharsiruturn\backen
d\node_modules\@smithy\core\dist-cjs\i
ndex.js:121:20
    at async D:\jawaharsiruturn\backen
d\node_modules\@smithy\middleware-retr
y\dist-cjs\index.js:254:46
    at async D:\jawaharsiruturn\backen
d\node_modules\@aws-sdk\middleware-log
ger\dist-cjs\index.js:5:26
    at async Object.acceptBooking (D:\
jawaharsiruturn\backend\src\models\boo
kingModel.js:385:5)
    at async testAccept (D:\jawaharsir
uturn\backend\testAccept.js:20:20)
